checked_at=2026-08-19T14:23:00Z
account_id_present=true
api_token_present=true
--- pages project list ---

[31m✘ [41;31m[[41;97mERROR[41;31m][0m [1mA request to the Cloudflare API (/accounts/86e63b57b9aecfcb804dfaeeff0355cb/pages/projects) failed.[0m

  Authentication error [code: 10000]


📎 It looks like you are authenticating Wrangler via a custom API token set in an environment variable.
Please ensure it has the correct permissions for this operation.

Getting User settings...
👋 You are logged in with an User API Token. Unable to retrieve email for this user. Are you missing the `User->User Details->Read` permission?
ℹ️  The API Token is read from the CLOUDFLARE_API_TOKEN environment variable.
┌───────────────────────────────────────────────┬──────────────────────────────────┐
│ Account Name                                  │ Account ID                       │
├───────────────────────────────────────────────┼──────────────────────────────────┤
│ Nyjynybzwr@privaterelay.appleid.com's Account │ 86e63b57b9aecfcb804dfaeeff0355cb │
└───────────────────────────────────────────────┴──────────────────────────────────┘
🔓 To see token permissions visit https://dash.cloudflare.com/profile/api-tokens
🎢 Unable to get membership roles. Make sure you have permissions to read the account. Are you missing the `User->Memberships->Read` permission?
🪵  Logs were written to "/home/runner/.config/.wrangler/logs/wrangler-2026-08-19_14-23-17_702.log"
wrangler_exit=1
--- direct Pages API ---
http_status=403
{"success":false,"errors":[{"code":10000,"message":"Authentication error"}],"messages":[],"result":null}
